A
ARRAYSIZE_REF
Arith
B
BASIC_CI_SIZE
BASIC_STACK_SIZE
BinOpr
BlockCnt
Bx
C
CAP_POSITION
CAP_UNFINISHED
CCallS
CClosure
CI_C
CI_CALLING
CI_HASFRAME
CI_SAVEDPC
CI_YIELD
CREATE_ABC
CREATE_ABx
CallInfo
CallS
Closure
ClosureHeader
CommonHeader
ConsControl
D
DumpBlock
DumpByte
DumpCode
DumpConstants
DumpFunction
DumpHeader
DumpInt
DumpLines
DumpLiteral
DumpLocals
DumpNumber
DumpSize
DumpState
DumpString
DumpUpvalues
DumpVector
EOZ
EQ
ESC
EXTRABUFF
EXTRAEXP
EXTRASPACE
EXTRA_STACK
F
FILEHANDLE
FIRST_RESERVED
FORMAT_MESSAGE_FROM_SYSTEM
FORMAT_MESSAGE_IGNORE_INSERTS
FREELIST_REF
FgetID
Fgetpasswd
FormatMessage
Fpathconf
FreeLibrary
Fstat
Fsysconf
Ftimes
FuncState
G
GCObject
GCState
GCheader
GCscale
GCscalel
GCthreshold
GCunscale
GETARG_A
GETARG_B
GETARG_Bx
GETARG_C
GETARG_sBx
GET_OPCODE
GetLastError
GetProcAddress
HARDSTACKTESTS
HEADER
IO_INPUT
IO_OUTPUT
Instruction
IntPoint
KBx
KEYWEAK
KEYWEAKBIT
KEY_HOOK
Kpathconf
Ksysconf
L
L1
LClosure
LEVELS1
LEVELS2
LFIELDS_PER_FLUSH
LHS_assign
LIMIT
LS
LUALIB_API
LUAL_BUFFERSIZE
LUA_API
LUA_AUTHORS
LUA_COLIBNAME
LUA_COMPATUPSYNTAX
LUA_COMPATUPVALUES
LUA_COPYRIGHT
LUA_DBLIBNAME
LUA_DEBUG
LUA_ERRERR
LUA_ERRFILE
LUA_ERRMEM
LUA_ERRRUN
LUA_ERRSYNTAX
LUA_EXTRALIBS
LUA_GLOBALSINDEX
LUA_HOOKCALL
LUA_HOOKCOUNT
LUA_HOOKLINE
LUA_HOOKRET
LUA_HOOKTAILRET
LUA_IDSIZE
LUA_IOLIBNAME
LUA_MASKCALL
LUA_MASKCOUNT
LUA_MASKLINE
LUA_MASKRET
LUA_MATHLIBNAME
LUA_MAXCALLS
LUA_MAXCCALLS
LUA_MAXCSTACK
LUA_MAXPARSERLEVEL
LUA_MINBUFFER
LUA_MINSTACK
LUA_MULTRET
LUA_NOREF
LUA_NUMBER
LUA_NUMBER_FMT
LUA_NUMBER_SCAN
LUA_OPNAMES
LUA_OSLIBNAME
LUA_PATH
LUA_PATH_DEFAULT
LUA_PATH_MARK
LUA_PATH_SEP
LUA_REFNIL
LUA_REGISTRYINDEX
LUA_SIGNATURE
LUA_STRLIBNAME
LUA_TABLIBNAME
LUA_TBOOLEAN
LUA_TFUNCTION
LUA_TLIGHTUSERDATA
LUA_TNIL
LUA_TNONE
LUA_TNUMBER
LUA_TPROTO
LUA_TSTRING
LUA_TTABLE
LUA_TTHREAD
LUA_TUPVAL
LUA_TUSERDATA
LUA_UACNUMBER
LUA_USERCONFIG
LUA_USERSTATE
LUA_USER_H
LUA_VERSION
LUA_COPYRIGHT
LUSER_ALIGNMENT_T
L_Umaxalign
L_tmpnam
LexState
LoadBlock
LoadByte
LoadChunk
LoadCode
LoadConstants
LoadF
LoadFunction
LoadHeader
LoadInt
LoadLibrary
LoadLines
LoadLocals
LoadNumber
LoadS
LoadSignature
LoadSize
LoadState
LoadString
LoadUpvalues
LoadVector
LocVar
MARK
MARKSIZE
MASK0
MASK1
MAXARG_A
MAXARG_B
MAXARG_Bx
MAXARG_C
MAXARG_sBx
MAXBITS
MAXEXPWHILE
MAXINPUT
MAXNOCHECK
MAXPARAMS
MAXSRC
MAXSTACK
MAXTAGLOOP
MAXUPVALUES
MAXVARS
MAX_CAPTURES
MAX_FORMAT
MAX_INT
MAX_ITEM
MAX_LUMEM
MAX_SIZET
MEMERRMSG
MINSIZEARRAY
MINSTRTABSIZE
MYBUFSIZ
MYNAME
MYVERSION
Main
MatchState
Mbuffer
NL
NO_JUMP
NO_REG
NUM_OPCODES
NUM_RESERVED
NUM_TAGS
Node
OPR_ADD
OPR_AND
OPR_CONCAT
OPR_DIV
OPR_EQ
OPR_GE
OPR_GT
OPR_LE
OPR_LT
OPR_MINUS
OPR_MULT
OPR_NE
OPR_NOBINOPR
OPR_NOT
OPR_NOUNOPR
OPR_OR
OPR_POW
OPR_SUB
OP_ADD
OP_CALL
OP_CLOSE
OP_CLOSURE
OP_CONCAT
OP_DIV
OP_EQ
OP_FORLOOP
OP_GETGLOBAL
OP_GETTABLE
OP_GETUPVAL
OP_JMP
OP_LE
OP_LOADBOOL
OP_LOADK
OP_LOADNIL
OP_LT
OP_MOVE
OP_MUL
OP_NEWTABLE
OP_NOT
OP_POW
OP_RETURN
OP_SELF
OP_SETGLOBAL
OP_SETLIST
OP_SETLISTO
OP_SETTABLE
OP_SETUPVAL
OP_SUB
OP_TAILCALL
OP_TEST
OP_TFORLOOP
OP_TFORPREP
OP_UNM
OpCode
OpMode
OpModeBreg
OpModeBrk
OpModeCrk
OpModeK
OpModeMask
OpModeT
OpModesetA
POS_A
POS_B
POS_Bx
POS_C
PROGNAME
PROMPT
PROMPT2
Paccess
Pchdir
Pchmod
Pchown
Pctermid
Pdir
Perrno
Pexec
Pfiles
Pfork
Pfunc
Pgetcwd
Pgetenv
Pgetgroup
Pgetlogin
Pgetpasswd
Pgetprocessid
Pkill
Plink
Pmkdir
Pmkfifo
Ppathconf
Pputenv
Preadlink
Prmdir
Proto
Psetenv
Psetgid
Psetuid
Psleep
Pstat
Psymlink
Psysconf
Ptimes
Pttyname
Pumask
Puname
Punlink
Punsetenv
Putime
Pwait
R
RA
RB
RC
REQTAB
RESERVED
RESERVED_REFS
RKB
RKC
RTLD_NOW
S
SETARG_A
SETARG_B
SETARG_Bx
SETARG_C
SETARG_sBx
SET_OPCODE
SIZE_A
SIZE_B
SIZE_Bx
SIZE_C
SIZE_OP
SPECIALS
SParser
Selector
SemInfo
SgetID
Sgetpasswd
Smain
Spathconf
Sstat
Ssysconf
Stimes
StkId
TESTSIZE
TEST_NUMBER
TK_AND
TK_BREAK
TK_CONCAT
TK_DO
TK_DOTS
TK_ELSE
TK_ELSEIF
TK_END
TK_EOS
TK_EQ
TK_FALSE
TK_FOR
TK_FUNCTION
TK_GE
TK_IF
TK_IN
TK_LE
TK_LOCAL
TK_NAME
TK_NE
TK_NIL
TK_NOT
TK_NUMBER
TK_OR
TK_REPEAT
TK_RETURN
TK_STRING
TK_THEN
TK_TRUE
TK_UNTIL
TK_WHILE
TMS
TM_ADD
TM_CALL
TM_CONCAT
TM_DIV
TM_EQ
TM_GC
TM_INDEX
TM_LE
TM_LT
TM_MODE
TM_MUL
TM_N
TM_NEWINDEX
TM_POW
TM_SUB
TM_UNM
TOKEN_LEN
TObject
TRUST_BINARIES
TString
Table
TestSize
Token
UEXTRASPACE
UNARY_PRIORITY
UNUSED
USE_DLL
USE_DLOPEN
USE_POPEN
USE_TMPNAME
Udata
UnOpr
UpVal
V
VALUEWEAK
VALUEWEAKBIT
VCALL
VERSION
VERSION0
VFALSE
VGLOBAL
VINDEXED
VJMP
VK
VLOCAL
VNIL
VNONRELOC
VRELOCABLE
VTRUE
VUPVAL
VVOID
Value
XRA
Z
ZIO
Zio
_DIRENT_HAVE_D_TYPE
_defaultmeta
_gt
_registry
a
abs_index
actual
actvar
add_s
addinfo
addk
adjust_assign
adjust_varargs
adjustlocalvars
adjuststack
affected_bits
all
allowhook
anchor
api_check
api_checknelems
api_incr_top
ar
arg
argc
argp
args
argv
array
arrayindex
assignment
aux
aux_close
aux_do
aux_files
aux_getfenv
aux_getn
aux_lines
aux_upvalue
auxgetinfo
auxresume
auxsort
auxupvalue
b
badoption
base
base_ci
base_funcs
base_open
basehookcount
bc
bin
binopistest
bits
bk
bl
block
block_follow
blockhead
blockinit
body
breaklist
breakstat
buf
buff
buffer
bufffree
bufflen
buffsize
buildop
bvalue
c
callTM
callTMres
call_binTM
call_orderTM
callalert
callallgcTM
callentry
callrethooks
capture
capture_to_close
cast
cat
catnames
cb
cc
ch_mode
char2int
check
checkRK
checkSizes
check_capture
check_condition
check_conflict
check_exp
check_match
checkblock
checkblocksize
checkbuffer
checkconsistency
checkint
checkjump
checkname
checkopenop
checkreg
checkstacksizes
chgnvalue
chunk
chunkname
ci
ci_func
ci_top
ck
cl
clear
cleartablekeys
cleartablevalues
close_func
close_state
closelistfield
closestate
clvalue
co
co_funcs
code
code_label
code_params
codebinop
codeexp
codenot
codestring
collected
comma
commonsize
computesizes
cond
condhardstacktests
condmarkobject
conflict
constructor
cont
coresume
correctstack
count
create_local
createmeta
curr
current
currentline
currentpc
currtime
d
d2s
data
dblib
deadmem
debug
debug_realloc
def
default_panic
defaultmeta
del
delimits
dest
dflt
discharge2anyreg
discharge2reg
do1gcTM
docall
dojump
doneFlag
doonnewstack
doremote
doselection
dostring
dots
dt
dtarget
dummy
dummynode
e
e1
e2
ec
ef
elapsed
emptybuffer
ename
end
end_capture
end_ci
endfor
endloop
endpc
endptr
enterblock
enterlevel
entry
ep
eq
equalobj
errcode
errfile
errfunc
error
errorJmp
error_expected
errorfb
errormsg
escapelist
et
event
events
exp1
expdesc
expinit
expkind
explist1
expr
exprstat
extra
extramsg
ezgetc
ezread
f
f_Ccall
f_call
f_flush
f_lines
f_luaopen
f_parser
f_read
f_seek
f_write
fasttm
fb2int
fd
fi
file_input
filename
filetype
fillmem
fim
final
findex
first
firstResult
firstfree
firstline
firstpart
fj
flags
flib
fmt
fn
fname
fnameindex
forbody
forlist
form
fornum
forstat
fp
fr
freeblock
freeexp
freeobj
freereg
freestack
freestate
freg
from
fromname
fs
ftarget
func
func_at
funcargs
funcindex
funcinfo
funcname
funcr
funcstat
funcstate
g
g_iofile
g_read
g_write
gc
gch
gclist
gcotocl
gcotoh
gcotop
gcototh
gcotots
gcotou
gcotouv
gcvalue
get
getF
getOpMode
getS
get_compTM
get_limits
get_prompt
getargs
getbinopr
getboolfield
getcode
getfield
getfunc
getfuncname
gethook
getinfo
getiofile
getjumpcontrol
getline
getlocal
getlocvar
getluaproto
getname
getname_aux
getnum
getnum_aux
getobjname
getpath
getref
getsizes
getstr
getunopr
getupvalue
gfasttm
gfind
gfind_aux
gid
gkey
global_State
gnode
gt
gval
h
h1
handle_argv
handle_luainit
hash
hash_query
hashboolean
hashmod
hashnum
hashpointer
hashpow2
hashstr
hasjumps
hasprecision
hook
hookcount
hookf
hookinit
hookmask
hooknames
htab
hvalue
i
iABC
iABx
iAsBx
i_ci
i_key
i_o
i_val
idx
idx1
idx2
ie
ifstat
impname
inclinenumber
incomplete
incr_top
index1
index2
indexname
indexupvalue
info
info_tailcall
init
init_exp
inst
int2fb_aux
interactive
inuse
invertjump
io_clock
io_close
io_date
io_difftime
io_execute
io_exit
io_flush
io_gc
io_getenv
io_input
io_lines
io_open
io_output
io_popen
io_read
io_readline
io_remove
io_rename
io_setloc
io_time
io_tmpfile
io_tmpname
io_tostring
io_type
io_write
iolib
isC
isLfunction
isLua
is_vararg
isbreakable
iscfunction
iscollectable
isfinalized
isinstack
islast
islocked
ismarked
j
jmp
jpc
jump
jumponcond
k
key
kind
kname
l
l1
l2
l_G
l_free
l_isfalse
l_main
l_message
l_panic
l_realloc
l_uacNumber
laction
lapi_c
lapi_h
last
lastcollected
lastline
lastlistfield
lastpc
lasttarget
lasttoken
lauxlib_c
lauxlib_h
lbaselib_c
lcall
lcode
lcode_c
lcode_h
ldblib_c
ldebug_c
ldebug_h
ldo_c
ldo_h
ldump_c
leaveblock
leavelevel
left
len
level
lexstate
lf
lfunc_c
lfunc_h
lg
lgc_c
lgc_h
lh
lib
libname
libs
lim
limit
line
lineDefined
linedefined
lineexp
lineinfo
linenumber
liolib_c
list
listcode
listfield
listk
listlocals
lj
ll
llex_c
llex_h
llimits_h
lmem_c
lmem_h
lmemfind
lmod
lnhash
load_aux
load_file
load_string
loadlib
lobject_c
lobject_h
local_number
localfunc
localstat
lock
locvars
log2_aux
log_8
lookahead
loop
lopcodes_c
lopcodes_h
lparser_c
lparser_h
lposix_pushresult
lr
ls
ls_hash
ls_nstr
lsep
lsize
lsizenode
lst
lstate_c
lstate_h
lstop
lstring_c
lstring_h
lstrlib_c
ltable_c
ltable_h
ltablib_c
ltests_c
ltm_c
ltm_h
lu_byte
lu_hash
lu_mem
luaA_index
luaA_indexAcceptable
luaA_pushobject
luaB_assert
luaB_auxwrap
luaB_cocreate
luaB_collectgarbage
luaB_coresume
luaB_costatus
luaB_cowrap
luaB_dofile
luaB_error
luaB_foreach
luaB_foreachi
luaB_gcinfo
luaB_getfenv
luaB_getmetatable
luaB_getn
luaB_ipairs
luaB_loadfile
luaB_loadstring
luaB_newproxy
luaB_next
luaB_opentests
luaB_pairs
luaB_pcall
luaB_print
luaB_rawequal
luaB_rawget
luaB_rawset
luaB_require
luaB_setfenv
luaB_setmetatable
luaB_setn
luaB_sort
luaB_tinsert
luaB_tonumber
luaB_tostring
luaB_tremove
luaB_type
luaB_unpack
luaB_xpcall
luaB_yield
luaC_callGCTM
luaC_checkGC
luaC_collectgarbage
luaC_link
luaC_separateudata
luaC_sweep
luaD_call
luaD_callhook
luaD_checkstack
luaD_growCI
luaD_growstack
luaD_pcall
luaD_poscall
luaD_precall
luaD_protectedparser
luaD_rawrunprotected
luaD_reallocCI
luaD_reallocstack
luaD_resetprotection
luaD_throw
luaE_freethread
luaE_newthread
luaF_close
luaF_findupval
luaF_freeclosure
luaF_freeproto
luaF_getlocalname
luaF_newCclosure
luaF_newLclosure
luaF_newproto
luaG_aritherror
luaG_checkcode
luaG_concaterror
luaG_errormsg
luaG_inithooks
luaG_ordererror
luaG_runerror
luaG_symbexec
luaG_typeerror
luaH_free
luaH_get
luaH_getany
luaH_getnum
luaH_getstr
luaH_index
luaH_mainposition
luaH_new
luaH_next
luaH_remove
luaH_set
luaH_setnum
luaI_addquoted
luaI_classend
luaI_printcode
luaI_registerlocalvar
luaI_singlematch
luaK_checkstack
luaK_code
luaK_codeABC
luaK_codeABx
luaK_codeAsBx
luaK_concat
luaK_condjump
luaK_dischargejpc
luaK_dischargevars
luaK_exp2RK
luaK_exp2anyreg
luaK_exp2nextreg
luaK_exp2reg
luaK_exp2val
luaK_fixjump
luaK_fixline
luaK_getjump
luaK_getlabel
luaK_goiffalse
luaK_goiftrue
luaK_indexed
luaK_infix
luaK_jump
luaK_nil
luaK_numberK
luaK_patchlist
luaK_patchlistaux
luaK_patchtohere
luaK_posfix
luaK_prefix
luaK_reserveregs
luaK_self
luaK_setcallreturns
luaK_storevar
luaK_stringK
luaL_Buffer
luaL_addlstring
luaL_addsize
luaL_addstring
luaL_addvalue
luaL_arg_check
luaL_argcheck
luaL_argerror
luaL_buffinit
luaL_callmeta
luaL_check_int
luaL_check_long
luaL_check_lstr
luaL_check_number
luaL_check_string
luaL_checkany
luaL_checkint
luaL_checklong
luaL_checklstring
luaL_checknumber
luaL_checkstack
luaL_checkstring
luaL_checktype
luaL_checkudata
luaL_error
luaL_findstring
luaL_getmetafield
luaL_getmetatable
luaL_getn
luaL_loadbuffer
luaL_loadfile
luaL_newmetatable
luaL_openlib
luaL_opt_int
luaL_opt_long
luaL_opt_lstr
luaL_opt_number
luaL_opt_string
luaL_optint
luaL_optlong
luaL_optlstring
luaL_optnumber
luaL_optstring
luaL_prepbuffer
luaL_pushresult
luaL_putchar
luaL_ref
luaL_reg
luaL_setn
luaL_typerror
luaL_unref
luaL_where
luaM_free
luaM_freearray
luaM_freelem
luaM_growaux
luaM_growvector
luaM_malloc
luaM_new
luaM_newvector
luaM_realloc
luaM_reallocvector
luaO_chunkid
luaO_int2fb
luaO_log2
luaO_nilobject
luaO_pushfstring
luaO_pushvfstring
luaO_rawequalObj
luaO_str2d
luaP_opmodes
luaP_opnames
luaS_fix
luaS_freeall
luaS_new
luaS_newliteral
luaS_newlstr
luaS_newudata
luaS_resize
luaT_eventname
luaT_gettm
luaT_gettmbyobj
luaT_init
luaT_typenames
luaU_dump
luaU_endianness
luaU_print
luaU_undump
luaV_concat
luaV_equalval
luaV_execute
luaV_getnotable
luaV_gettable
luaV_index
luaV_lessequal
luaV_lessthan
luaV_settable
luaV_strcmp
luaV_tonumber
luaV_tostring
luaX_checklimit
luaX_error
luaX_errorline
luaX_init
luaX_lex
luaX_lexerror
luaX_setinput
luaX_syntaxerror
luaX_token2str
luaY_field
luaY_index
luaY_parser
luaZ_buffer
luaZ_fill
luaZ_freebuffer
luaZ_init
luaZ_initbuffer
luaZ_lookahead
luaZ_openspace
luaZ_read
luaZ_resizebuffer
luaZ_sizebuffer
lua_CFunction
lua_Chunkreader
lua_Chunkwriter
lua_Debug
lua_Hook
lua_Number
lua_State
lua_TObject
lua_assert
lua_atpanic
lua_baselibopen
lua_boxpointer
lua_c
lua_call
lua_checkstack
lua_close
lua_concat
lua_cpcall
lua_dblibopen
lua_dobuffer
lua_dofile
lua_dostring
lua_dump
lua_equal
lua_error
lua_getfenv
lua_getgccount
lua_getgcthreshold
lua_getglobal
lua_gethook
lua_gethookcount
lua_gethookmask
lua_getinfo
lua_getlocal
lua_getmetatable
lua_getref
lua_getregistry
lua_getstack
lua_gettable
lua_gettop
lua_getupvalue
lua_h
lua_ident
lua_insert
lua_iolibopen
lua_isboolean
lua_iscfunction
lua_isfunction
lua_islightuserdata
lua_isnil
lua_isnone
lua_isnoneornil
lua_isnumber
lua_isstring
lua_istable
lua_isuserdata
lua_lessthan
lua_load
lua_lock
lua_longjmp
lua_mathlibopen
lua_newtable
lua_newthread
lua_newuserdata
lua_next
lua_number2int
lua_number2str
lua_open
lua_pcall
lua_pop
lua_pushboolean
lua_pushcclosure
lua_pushcfunction
lua_pushfstring
lua_pushintegral
lua_pushlightuserdata
lua_pushliteral
lua_pushlstring
lua_pushnil
lua_pushnumber
lua_pushstring
lua_pushupvalues
lua_pushvalue
lua_pushvfstring
lua_rawequal
lua_rawget
lua_rawgeti
lua_rawset
lua_rawseti
lua_readline
lua_ref
lua_register
lua_remove
lua_replace
lua_resume
lua_saveline
lua_setfenv
lua_setgcthreshold
lua_setglobal
lua_sethook
lua_setlocal
lua_setmetatable
lua_settable
lua_settop
lua_setupvalue
lua_state
lua_str2number
lua_strlen
lua_strlibopen
lua_tablibopen
lua_toboolean
lua_tocfunction
lua_tonumber
lua_topointer
lua_tostring
lua_tothread
lua_touserdata
lua_type
lua_typename
lua_unboxpointer
lua_unlock
lua_unref
lua_upvalueindex
lua_userinit
lua_userstateopen
lua_version
lua_xmove
lua_yield
lualib_h
lualibs
luaopen_base
luaopen_debug
luaopen_io
luaopen_loadlib
luaopen_math
luaopen_posix
luaopen_string
luaopen_table
lundump_c
lundump_h
lvl
lvm_c
lvm_h
lzio_c
lzio_h
m
mainthread
makemask
mallocstate
manual_input
mark
marked
markfinalized
markobject
markroot
marktmu
markupval
markvalue
mask
match
match_capture
match_class
matchbalance
matchbracketclass
max
max_expand
max_s
maxstacksize
mem
mem_query
memdebug_maxmem
memdebug_memlimit
memdebug_numblocks
memdebug_total
mes
metatable
min_expand
mode
modeLookup
mode_munch
modechopper
modenames
modesel
modestr
more
mp
ms
msg
mt
mt1
mt2
mygetgid
mygetuid
mystat
mytimes
n
nArg
nCcalls
nResults
na
nactvar
name
namewhat
narg
nargs
narray
nasize
nblocks
ncl
need_value
needself
negindex
nelems
nestlevel
new_fs
new_localvar
new_localvarstr
newblock
newfile
newhash
newkey
newline
newlstr
newpath
news
newsize
newstack
newstart
newstate
newthreshold
newuserdata
nexps
next
nextop
nfixargs
ngcotouv
nh
nhash
nhsize
nil_constant
nk
nlocvars
nname
no_more_affected
node
nold
np
nparams
nr
nres
nresults
nret
ntotal
num
numArg
numarg
numints
numparams
nums
numuse
nup
nups
nupvalues
nuse
nv
nvalue
nvar
nvars
o
o1
o2
obj
obj1
obj2
objindex
offset
ok
old
old_allowhooks
old_ci
old_errfunc
old_top
oldah
oldasize
oldblock
oldci
oldhsize
oldn
oldnCcalls
oldpath
oldprogname
oldsize
oldstack
oldtop
oldtopr
oldval
op
op1
opc
open_func
openstdlibs
openupval
opmode
opname
ops
option
options
os
othern
out
overwrite
p
p1
p2
p3
p_f
p_t
panic
panicf
parlist
patchtestreg
path
pc
pcRel
pf
pfrom
pi
pid
plimit
pmain
pname
pos
posrelat
pp
precheck
prefixexp
preinit_state
prep
prev
previous
primaryexp
print_usage
print_version
priority
progname
prompt
propagatemarks
pstep
pt
pto
push_captures
push_onecapture
pushclosure
pushcomposename
pusherror
pushnextpath
pushresult
pushstr
pushtime
pushuserdata
pvalue
q
r
ra
rb
rc
read_chars
read_line
read_long_string
read_number
read_numeral
read_string
reader
readline
readname
readstatus
reallymarkobject
realsize
recfield
ref
reg
registerfile
registry
rehash
removekey
removevars
repeat_init
repeatstat
report
res
reserved
resetbit
resethookcount
resize
restore_stack_limit
restoreci
restorestack
result
resume
resume_error
ret
retentry
retstat
right
rlen
rootgc
rootudata
rs
runtime_check
rwx
rwxrwxrwx
s
s1
s2
s2d
sBx
sa
save
save_and_next
saveci
savedpc
savestack
scanformat
searchvar
seconds
seminfo
sep
set2
setarrayvector
setbit
setboolfield
setbvalue
setclvalue
seterrorobj
setfield
sethook
sethvalue
setlocal
setnameval
setnilvalue
setnodevector
setnvalue
setobj
setobj2n
setobj2s
setobj2t
setobjs2s
setobjt2t
setpvalue
setsize
setsvalue
setsvalue2n
setsvalue2s
settabsi
settabss
setthvalue
setttype
setupvalue
setuvalue
setyhook
sfl
sgi
short_src
sig
simpleexp
singlevar
singlevaraux
sint32
size
sizeCclosure
sizeLclosure
size_ci
size_elem
size_elems
sizearray
sizecode
sizeexp
sizek
sizelineinfo
sizelocvars
sizenode
sizep
sizestring
sizeudata
sizeupvalues
skip
sl
smask
sort_comp
source
space
specs_done
src
src_end
src_init
srcl
st
stack
stack_init
stack_last
stacklevel
stackpos
stacksize
start
start_capture
startpc
state
statement
status
stdin_is_tty
step
stm
storeindex
storenumber
storestring
storetime
str
str_byte
str_char
str_checkname
str_concat
str_dump
str_find
str_format
str_gsub
str_len
str_lower
str_rep
str_sub
str_upper
strfrmt
strfrmt_end
string_query
stringmark
stringtable
strlib
strt
subexpr
success
sun
svalue
swap
sweeplist
sweepstrings
syslib
sz
t
t1
t2
tab_funcs
table_query
tag
tag_error
tailcalls
target
tb
temp
tempb
tempc
testC
testOpMode
test_do
test_eof
test_then_block
testbit
testnext
tests_funcs
tf
th
threshold
thvalue
tl
tm
tm1
tm2
tmark
tmname
tmp
tmp_mode
tms
tmudata
tn
tname
to
tofile
toget
token
token2string
tolevel
toname
tonumber
toobig
top
topfile
toplen
topop
tostore
tostring
total
totaluse
tp
traceexec
traverseclosure
traverseproto
traversestack
traversetable
travglobals
tref
treg
tryfuncTM
ts
tsv
tsvalue
tt
ttarget
ttisboolean
ttisfunction
ttislightuserdata
ttisnil
ttisnumber
ttisstring
ttistable
ttisthread
ttisuserdata
ttlg
ttype
twoto
tx
type
u
uchar
ud
udata
udataval
uid
unexpectedEOZ
unmakemask
unmark
unref
uop
up
upval
upvals
upvalue
upvalues
used
uv
uvalue
v
v1
v2
val
validproxy
valismarked
valtogco
value
var
varname
vl
w
wanted
weakkey
weaklist
weakvalue
what
where
whileinit
whilestat
who
wild
wk
wkv
write
writer
wv
x
y
yieldf
z
zgetc
zname
